kiem tra o dia df -h
lsblk
fisadmin@hdbank-cp4d:~$ top
top - 06:54:40 up 4 min,  2 users,  load average: 0.01, 0.08, 0.04
Tasks: 136 total,   1 running, 135 sleeping,   0 stopped,   0 zombie
%Cpu(s):  0.2 us,  0.5 sy,  0.0 ni, 99.3 id,  0.0 wa,  0.0 hi,  0.0 si,  0.0 st
MiB Mem :   7888.0 total,   7291.3 free,    544.1 used,    300.3 buff/cache
MiB Swap:      0.0 total,      0.0 free,      0.0 used.   7343.9 avail Mem

    PID USER      PR  NI    VIRT    RES    SHR S  %CPU  %MEM     TIME+ COMMAND
      1 root      20   0   22740  13952   9472 S   0.3   0.2   0:04.39 systemd
   1844 fisadmin  20   0    7740   3456   3200 S   0.3   0.0   0:00.22 bash
   2647 fisadmin  20   0   12364   5760   3584 R   0.3   0.1   0:00.03 top
      2 root      20   0       0      0      0 S   0.0   0.0   0:00.00 kthreadd
      3 root      20   0       0      0      0 S   0.0   0.0   0:00.00 pool_workqueue_release
      4 root       0 -20       0      0      0 I   0.0   0.0   0:00.00 kworker/R-rcu_g
      5 root       0 -20       0      0      0 I   0.0   0.0   0:00.00 kworker/R-rcu_p
      6 root       0 -20       0      0      0 I   0.0   0.0   0:00.00 kworker/R-slub_
      7 root       0 -20       0      0      0 I   0.0   0.0   0:00.00 kworker/R-netns
      8 root      20   0       0      0      0 I   0.0   0.0   0:00.54 kworker/0:0-events
      9 root       0 -20       0      0      0 I   0.0   0.0   0:00.00 kworker/0:0H-events_highpri
     10 root      20   0       0      0      0 I   0.0   0.0   0:00.13 kworker/0:1-events
     11 root      20   0       0      0      0 I   0.0   0.0   0:00.39 kworker/u4:0-events_power_efficient
     12 root       0 -20       0      0      0 I   0.0   0.0   0:00.00 kworker/R-mm_pe
     13 root      20   0       0      0      0 I   0.0   0.0   0:00.00 rcu_tasks_rude_kthread
     14 root      20   0       0      0      0 I   0.0   0.0   0:00.00 rcu_tasks_trace_kthread
     15 root      20   0       0      0      0 S   0.0   0.0   0:00.05 ksoftirqd/0
     16 root      20   0       0      0      0 I   0.0   0.0   0:00.11 rcu_sched
     17 root      rt   0       0      0      0 S   0.0   0.0   0:00.00 migration/0
     18 root     -51   0       0      0      0 S   0.0   0.0   0:00.00 idle_inject/0
     19 root      20   0       0      0      0 S   0.0   0.0   0:00.00 cpuhp/0
     20 root      20   0       0      0      0 S   0.0   0.0   0:00.00 cpuhp/1
     21 root     -51   0       0      0      0 S   0.0   0.0   0:00.00 idle_inject/1
     22 root      rt   0       0      0      0 S   0.0   0.0   0:00.00 migration/1
     23 root      20   0       0      0      0 S   0.0   0.0   0:00.04 ksoftirqd/1
     24 root      20   0       0      0      0 I   0.0   0.0   0:00.07 kworker/1:0-events
     25 root       0 -20       0      0      0 I   0.0   0.0   0:00.00 kworker/1:0H-events_highpri
     26 root      20   0       0      0      0 S   0.0   0.0   0:00.00 kdevtmpfs
     27 root       0 -20       0      0      0 I   0.0   0.0   0:00.00 kworker/R-inet_
     28 root      20   0       0      0      0 I   0.0   0.0   0:00.15 kworker/u4:1-events_power_efficient
     29 root      20   0       0      0      0 S   0.0   0.0   0:00.01 kauditd
     30 root      20   0       0      0      0 I   0.0   0.0   0:00.27 kworker/1:1-events
     31 root      20   0       0      0      0 S   0.0   0.0   0:00.00 khungtaskd
fisadmin@hdbank-cp4d:~$ ^C
fisadmin@hdbank-cp4d:~$
fisadmin@hdbank-cp4d:~$
fisadmin@hdbank-cp4d:~$
fisadmin@hdbank-cp4d:~$
fisadmin@hdbank-cp4d:~$
fisadmin@hdbank-cp4d:~$ df -h
Filesystem      Size  Used Avail Use% Mounted on
/dev/root        29G  1.5G   27G   6% /
tmpfs           3.9G     0  3.9G   0% /dev/shm
tmpfs           1.6G 1016K  1.6G   1% /run
tmpfs           5.0M     0  5.0M   0% /run/lock
efivarfs        128K   35K   89K  29% /sys/firmware/efi/efivars
/dev/sda16      881M   59M  761M   8% /boot
/dev/sda15      105M  6.1M   99M   6% /boot/efi
/dev/sdb1        16G   28K   15G   1% /mnt
tmpfs           789M   12K  789M   1% /run/user/1000
fisadmin@hdbank-cp4d:~$ lbl
Command 'lbl' not found, did you mean:
  command 'bbl' from snap bbl (v7.4.0)
  command 'tbl' from deb groff-base (1.23.0-3)
  command 'lb' from deb live-build (3.0~a57-1ubuntu49.1)
  command 'lb' from deb open-infrastructure-system-build (20190301-lts1-3)
  command 'lbt' from deb lbt (1.2.2-7)
See 'snap info <snapname>' for additional versions.
fisadmin@hdbank-cp4d:~$ lsblk
NAME    MAJ:MIN RM  SIZE RO TYPE MOUNTPOINTS
sda       8:0    0   30G  0 disk
├─sda1    8:1    0   29G  0 part /
├─sda14   8:14   0    4M  0 part
├─sda15   8:15   0  106M  0 part /boot/efi
└─sda16 259:0    0  913M  0 part /boot
sdb       8:16   0   16G  0 disk
└─sdb1    8:17   0   16G  0 part /mnt
sdc       8:32   0  512G  0 disk
sr0      11:0    1  628K  0 rom
fisadmin@hdbank-cp4d:~$ vg^C
fisadmin@hdbank-cp4d:~$ └─sda16 259:0    0  913M  0 part /boot
^C
fisadmin@hdbank-cp4d:~$ ^C
fisadmin@hdbank-cp4d:~$ ^C
fisadmin@hdbank-cp4d:~$ ^C
fisadmin@hdbank-cp4d:~$ fdisk /dev/sdc

Welcome to fdisk (util-linux 2.39.3).
Changes will remain in memory only, until you decide to write them.
Be careful before using the write command.

fdisk: cannot open /dev/sdc: Permission denied
fisadmin@hdbank-cp4d:~$ ud^C
fisadmin@hdbank-cp4d:~$ sudo su
root@hdbank-cp4d:/home/fisadmin# cd /
root@hdbank-cp4d:/# l
bin@                boot/  etc/   lib@                lib64@       media/  opt/   root/  sbin@                snap/  sys/  usr/
bin.usr-is-merged/  dev/   home/  lib.usr-is-merged/  lost+found/  mnt/    proc/  run/   sbin.usr-is-merged/  srv/   tmp/  var/
root@hdbank-cp4d:/# ll
total 84
drwxr-xr-x  22 root root  4096 Oct 14 06:49 ./
drwxr-xr-x  22 root root  4096 Oct 14 06:49 ../
lrwxrwxrwx   1 root root     7 Apr 22 13:08 bin -> usr/bin/
drwxr-xr-x   2 root root  4096 Feb 26  2024 bin.usr-is-merged/
drwxr-xr-x   5 root root  4096 Oct 11 08:41 boot/
drwxr-xr-x  19 root root  4180 Oct 14 06:49 dev/
drwxr-xr-x 112 root root  4096 Oct 14 06:49 etc/
drwxr-xr-x   3 root root  4096 Oct 14 06:49 home/
lrwxrwxrwx   1 root root     7 Apr 22 13:08 lib -> usr/lib/
drwxr-xr-x   2 root root  4096 Apr  8  2024 lib.usr-is-merged/
lrwxrwxrwx   1 root root     9 Apr 22 13:08 lib64 -> usr/lib64/
drwx------   2 root root 16384 Oct 11 08:39 lost+found/
drwxr-xr-x   2 root root  4096 Oct 11 08:36 media/
drwxr-xr-x   3 root root  4096 Oct 14 06:49 mnt/
drwxr-xr-x   2 root root  4096 Oct 11 08:36 opt/
dr-xr-xr-x 197 root root     0 Oct 14 06:49 proc/
drwx------   3 root root  4096 Oct 11 08:41 root/
drwxr-xr-x  27 root root   880 Oct 14 06:52 run/
lrwxrwxrwx   1 root root     8 Apr 22 13:08 sbin -> usr/sbin/
drwxr-xr-x   2 root root  4096 Mar 31  2024 sbin.usr-is-merged/
drwxr-xr-x   2 root root  4096 Oct 14 06:49 snap/
drwxr-xr-x   2 root root  4096 Oct 11 08:36 srv/
dr-xr-xr-x  12 root root     0 Oct 14 06:49 sys/
drwxrwxrwt  12 root root  4096 Oct 14 06:50 tmp/
drwxr-xr-x  12 root root  4096 Oct 11 08:36 usr/
drwxr-xr-x  13 root root  4096 Oct 14 06:49 var/
root@hdbank-cp4d:/# fdisk /dev/sdc

Welcome to fdisk (util-linux 2.39.3).
Changes will remain in memory only, until you decide to write them.
Be careful before using the write command.

Device does not contain a recognized partition table.
Created a new DOS (MBR) disklabel with disk identifier 0x5c9a836e.

Command (m for help): n
Partition type
   p   primary (0 primary, 0 extended, 4 free)
   e   extended (container for logical partitions)
Select (default p): p
Partition number (1-4, default 1):
First sector (2048-1073741823, default 2048):
Last sector, +/-sectors or +/-size{K,M,G,T,P} (2048-1073741823, default 1073741823):

Created a new partition 1 of type 'Linux' and of size 512 GiB.

Command (m for help): w
The partition table has been altered.
Calling ioctl() to re-read partition table.
Syncing disks.

root@hdbank-cp4d:/# df -h
Filesystem      Size  Used Avail Use% Mounted on
/dev/root        29G  1.5G   27G   6% /
tmpfs           3.9G     0  3.9G   0% /dev/shm
tmpfs           1.6G 1020K  1.6G   1% /run
tmpfs           5.0M     0  5.0M   0% /run/lock
efivarfs        128K   35K   89K  29% /sys/firmware/efi/efivars
/dev/sda16      881M   59M  761M   8% /boot
/dev/sda15      105M  6.1M   99M   6% /boot/efi
/dev/sdb1        16G   28K   15G   1% /mnt
tmpfs           789M   12K  789M   1% /run/user/1000
root@hdbank-cp4d:/# lsblk
NAME    MAJ:MIN RM  SIZE RO TYPE MOUNTPOINTS
sda       8:0    0   30G  0 disk
├─sda1    8:1    0   29G  0 part /
├─sda14   8:14   0    4M  0 part
├─sda15   8:15   0  106M  0 part /boot/efi
└─sda16 259:0    0  913M  0 part /boot
sdb       8:16   0   16G  0 disk
└─sdb1    8:17   0   16G  0 part /mnt
sdc       8:32   0  512G  0 disk
└─sdc1    8:33   0  512G  0 part
sr0      11:0    1  628K  0 rom
root@hdbank-cp4d:/# pvcreate /dev/sdc1
  Physical volume "/dev/sdc1" successfully created.
root@hdbank-cp4d:/# pvs
  PV         VG Fmt  Attr PSize    PFree
  /dev/sdc1     lvm2 ---  <512.00g <512.00g
root@hdbank-cp4d:/# pvdisplay
  "/dev/sdc1" is a new physical volume of "<512.00 GiB"
  --- NEW Physical volume ---
  PV Name               /dev/sdc1
  VG Name
  PV Size               <512.00 GiB
  Allocatable           NO
  PE Size               0
  Total PE              0
  Free PE               0
  Allocated PE          0
  PV UUID               mM7tbm-OkW6-Ff63-MZKn-lusk-Tjke-WJiQSY

root@hdbank-cp4d:/#
root@hdbank-cp4d:/#
root@hdbank-cp4d:/#
root@hdbank-cp4d:/#
root@hdbank-cp4d:/#
root@hdbank-cp4d:/#
root@hdbank-cp4d:/#
root@hdbank-cp4d:/# lvdisplay
root@hdbank-cp4d:/# pvdisplay
  "/dev/sdc1" is a new physical volume of "<512.00 GiB"
  --- NEW Physical volume ---
  PV Name               /dev/sdc1
  VG Name
  PV Size               <512.00 GiB
  Allocatable           NO
  PE Size               0
  Total PE              0
  Free PE               0
  Allocated PE          0
  PV UUID               mM7tbm-OkW6-Ff63-MZKn-lusk-Tjke-WJiQSY

root@hdbank-cp4d:/# vgdisplay
root@hdbank-cp4d:/# vgcreate vg-cp4d /dev/sdc1
  Volume group "vg-cp4d" successfully created
root@hdbank-cp4d:/# vgdisplay
  --- Volume group ---
  VG Name               vg-cp4d
  System ID
  Format                lvm2
  Metadata Areas        1
  Metadata Sequence No  1
  VG Access             read/write
  VG Status             resizable
  MAX LV                0
  Cur LV                0
  Open LV               0
  Max PV                0
  Cur PV                1
  Act PV                1
  VG Size               <512.00 GiB
  PE Size               4.00 MiB
  Total PE              131071
  Alloc PE / Size       0 / 0
  Free  PE / Size       131071 / <512.00 GiB
  VG UUID               MkexHd-puB0-HNft-chjD-lje9-X7Xf-NiMLPr

root@hdbank-cp4d:/# lvcreate -L 1G -n lv-demo1 vg-demo1lvcreate -L 1G -n lv-demo1 vg-demo1lvcreate -L 1G -n lv-demo1 vg-demo1^C
root@hdbank-cp4d:/# lvcreate -l 100%FREE -n lv-cp4d vg-cp4d
  Logical volume "lv-cp4d" created.
root@hdbank-cp4d:/# lvs
  LV      VG      Attr       LSize    Pool Origin Data%  Meta%  Move Log Cpy%Sync Convert
  lv-cp4d vg-cp4d -wi-a----- <512.00g
root@hdbank-cp4d:/# mkdirmkd^C
root@hdbank-cp4d:/# ^C
root@hdbank-cp4d:/# ^C
root@hdbank-cp4d:/# hdjvh


hdjvh: command not found
root@hdbank-cp4d:/#
root@hdbank-cp4d:/#
root@hdbank-cp4d:/# mkdir -p /cp4d-mirror
root@hdbank-cp4d:/# mkfs -t ext4 /dev/vg-cp4d/lv-cp4d
mke2fs 1.47.0 (5-Feb-2023)
Discarding device blocks: done
Creating filesystem with 134216704 4k blocks and 33554432 inodes
Filesystem UUID: 5538ff47-72cc-4b9d-a51f-0a3da19d7d94
Superblock backups stored on blocks:
        32768, 98304, 163840, 229376, 294912, 819200, 884736, 1605632, 2654208,
        4096000, 7962624, 11239424, 20480000, 23887872, 71663616, 78675968,
        102400000

Allocating group tables: done
Writing inode tables: done
Creating journal (262144 blocks): done
Writing superblocks and filesystem accounting information: done

root@hdbank-cp4d:/# df -h
Filesystem      Size  Used Avail Use% Mounted on
/dev/root        29G  1.5G   27G   6% /
tmpfs           3.9G     0  3.9G   0% /dev/shm
tmpfs           1.6G  1.0M  1.6G   1% /run
tmpfs           5.0M     0  5.0M   0% /run/lock
efivarfs        128K   35K   89K  29% /sys/firmware/efi/efivars
/dev/sda16      881M   59M  761M   8% /boot
/dev/sda15      105M  6.1M   99M   6% /boot/efi
/dev/sdb1        16G   28K   15G   1% /mnt
tmpfs           789M   12K  789M   1% /run/user/1000
root@hdbank-cp4d:/# lsblk
NAME                  MAJ:MIN RM  SIZE RO TYPE MOUNTPOINTS
sda                     8:0    0   30G  0 disk
├─sda1                  8:1    0   29G  0 part /
├─sda14                 8:14   0    4M  0 part
├─sda15                 8:15   0  106M  0 part /boot/efi
└─sda16               259:0    0  913M  0 part /boot
sdb                     8:16   0   16G  0 disk
└─sdb1                  8:17   0   16G  0 part /mnt
sdc                     8:32   0  512G  0 disk
└─sdc1                  8:33   0  512G  0 part
  └─vg--cp4d-lv--cp4d 252:0    0  512G  0 lvm
sr0                    11:0    1  628K  0 rom
root@hdbank-cp4d:/# mount /cp4d-mirror/ /dev/vg-cp4d/lv-cp4d
mount: /dev/mapper/vg--cp4d-lv--cp4d: /cp4d-mirror is not a block device.
       dmesg(1) may have more information after failed mount system call.
root@hdbank-cp4d:/# mount /dev/vg-cp4d/lv-cp4d /cp4d-mirror/
root@hdbank-cp4d:/# df -h
Filesystem                     Size  Used Avail Use% Mounted on
/dev/root                       29G  1.5G   27G   6% /
tmpfs                          3.9G     0  3.9G   0% /dev/shm
tmpfs                          1.6G  1.0M  1.6G   1% /run
tmpfs                          5.0M     0  5.0M   0% /run/lock
efivarfs                       128K   35K   89K  29% /sys/firmware/efi/efivars
/dev/sda16                     881M   59M  761M   8% /boot
/dev/sda15                     105M  6.1M   99M   6% /boot/efi
/dev/sdb1                       16G   28K   15G   1% /mnt
tmpfs                          789M   12K  789M   1% /run/user/1000
/dev/mapper/vg--cp4d-lv--cp4d  503G   28K  478G   1% /cp4d-mirror
root@hdbank-cp4d:/# lsblk
lsblk
^C
root@hdbank-cp4d:/# ^C
root@hdbank-cp4d:/# lsblk
